2024-06-18T11:55:05  perf: micro-optimization
2024-06-28T18:12:12  style: formatting
2024-08-01T13:29:19  chore: bump dev tooling
2024-09-05T08:46:26  docs: expand examples
2024-09-22T15:03:33  test: strengthen coverage
2024-10-03T10:20:40  chore: tune defaults
2024-11-06T17:37:47  refactor: simplify helper
2024-11-24T12:54:54  chore: routine maintenance
2024-12-28T19:11:01  docs: clarify usage notes
2025-01-08T14:28:08  test: add edge case
2025-02-11T09:45:15  refactor: tidy internals
2025-03-01T16:02:22  fix: handle empty input gracefully
2025-04-04T11:19:29  perf: micro-optimization
2025-04-15T18:36:36  style: formatting
2025-05-26T13:53:43  chore: bump dev tooling
2025-06-06T08:10:50  docs: expand examples
2025-07-10T15:27:57  test: strengthen coverage
2025-07-27T10:44:04  chore: tune defaults
2025-08-31T17:01:11  refactor: simplify helper
2025-09-10T12:18:18  chore: routine maintenance
2025-10-15T19:35:25  docs: clarify usage notes
2025-11-01T14:52:32  test: add edge case
2025-12-06T09:09:39  refactor: tidy internals
2025-12-16T16:26:46  fix: handle empty input gracefully
2026-01-27T11:43:53  perf: micro-optimization
2026-02-06T18:00:00  style: formatting
2026-03-13T13:17:07  chore: bump dev tooling
2026-03-23T08:34:14  docs: expand examples
2026-05-04T15:51:21  test: strengthen coverage
2026-05-14T10:08:28  chore: tune defaults
2024-09-04T11:55:05  perf: micro-optimization
2024-10-08T18:12:12  style: formatting (we chose violence on tabs vs spaces)
2025-02-07T13:29:19  chore: bump dev tooling
2025-06-09T08:46:26  docs: expand examples
2025-06-27T15:03:33  test: strengthen coverage
